C51 COMPILER V9.53.0.0   DALI                                                              04/20/2016 16:50:44 PAGE 1   


C51 COMPILER V9.53.0.0, COMPILATION OF MODULE DALI
OBJECT MODULE PLACED IN .\src\Dali.OBJ
COMPILER INVOKED BY: c:\SiliconLabs\SimplicityStudio\v3_3\developer\toolchains\keil_8051\9.53\BIN\C51.exe C:\Users\clfil
                    -ho\Dropbox (Silicon Labs)\Code_Workspace_Dali\Dali_\src\Dali.c OMF2 SMALL DEBUG OBJECTEXTEND ROM(LARGE) WARNINGLEVEL(2) 
                    -FLOATFUZZY(3) OPTIMIZE(8,SPEED) DEFINE(DEBUG=1) INTVECTOR(0X0000) INTPROMOTE INCDIR(C:/SiliconLabs/SimplicityStudio/v3_3
                    -/developer/sdks/si8051/v3//Device/shared/si8051Base;C:/SiliconLabs/SimplicityStudio/v3_3/developer/sdks/si8051/v3//Devic
                    -e/EFM8UB1;C:/SiliconLabs/SimplicityStudio/v3_3/developer/sdks/si8051/v3//Device/EFM8UB1/inc;C:\SiliconLabs\SimplicityStu
                    -dio\v3_4a\developer\sdks\si8051\v3\Device\EFM8UB1\inc) PRINT(.\src\Dali.lst) COND PAGEWIDTH(120) PAGELENGTH(65) OBJECT(.
                    -\src\Dali.OBJ)

line level    source

   1          //-----------------------------------------------------------------------------
   2          // Dali.c
   3          //-----------------------------------------------------------------------------
   4          // Copyright 2014 Silicon Laboratories, Inc.
   5          // http://developer.silabs.com/legal/version/v11/Silicon_Labs_Software_License_Agreement.txt
   6          //
   7          // Program Description:
   8          //
   9          // This program uses Timer0 in 8-bit counter/timer with reload mode.
  10          // It uses the Timer0 to create an interrupt at a certain rate and toggles
  11          // the LED when the interrupt counter reaches the selected value. 
  12          //
  13          // Resources:
  14          //   SYSCLK - 24.5 MHz HFOSC0 / 8
  15          //   Timer0 - 10 Hz interrupt
  16          //   P1.4   - LED green
  17          //   P2.3   - Display enable
  18          //
  19          //-----------------------------------------------------------------------------
  20          // How To Test: EFM8UB1 STK
  21          //-----------------------------------------------------------------------------
  22          // 1) Place the switch in "AEM" mode.
  23          // 2) Connect the EFM8UB1 STK board to a PC using a mini USB cable.
  24          // 3) Compile and download code to the EFM8UB1 STK board.
  25          //    In Simplicity Studio IDE, select Run -> Debug from the menu bar,
  26          //    click the Debug button in the quick menu, or press F11.
  27          // 4) Run the code.
  28          //    In Simplicity Studio IDE, select Run -> Resume from the menu bar,
  29          //    click the Resume button in the quick menu, or press F8.
  30          // 5) Check that the green LED is blinking.
  31          //
  32          // Target:         EFM8UB1
  33          // Tool chain:     Generic
  34          //
  35          // Release 0.1 (ST)
  36          //    - Initial Revision
  37          //    - 10 OCT 2014
  38          //
  39          
  40          //-----------------------------------------------------------------------------
  41          // Includes
  42          //-----------------------------------------------------------------------------
  43          #include <SI_EFM8UB1_Register_Enums.h>
  44          #include "InitDevice.h"
  45          #include "Dali.h"
  46          
  47          
  48          
  49          
  50          //bit MDone;
C51 COMPILER V9.53.0.0   DALI                                                              04/20/2016 16:50:44 PAGE 2   

  51          //bit MOutput;
  52          //bit DaliStopFlag;
  53          //bit DaliErrorFlag;
  54          
  55          static xdata DALIFLAGS DaliFlags;
  56          static xdata DALIRXREGISTERS DaliRXReg;
  57          
  58          /*********************************************************************************
  59           *********************************************************************************
  60                                                   Manchester Encoder Related Functions
  61           *********************************************************************************
  62           *********************************************************************************/
  63          
  64          
  65          /*Manchester Decoder Busy Flag Getters and Setters*/
  66          
  67          void SetBusyFlag()
  68          {
  69   1              DaliFlags.flag.Busy = 1;
  70   1      }
  71          
  72          void ClearBusyFlag()
  73          {
  74   1              DaliFlags.flag.Busy = 0;
  75   1      }
  76          
  77          bit GetBusyFlag()
  78          {
  79   1       return DaliFlags.flag.Busy;
  80   1      }
  81          
  82          /*Manchester Decoder Output Flag Getters and Setters*/
  83          
  84          void SetMDOutput()
  85          {
  86   1              DaliFlags.flag.Output =1;
  87   1      }
  88          
  89          void ClearMDOutput()
  90          {
  91   1              DaliFlags.flag.Output =0;
  92   1      }
  93          
  94          bit GetMDOutput()
  95          {
  96   1       return DaliFlags.flag.Output;
  97   1      }
  98          
  99          
 100          void ManchesterEncoder (uint8_t input)
 101          {
 102   1              static BITS_BYTE Input;
 103   1      
 104   1              static int8_t counter = 8;                              //It uses 8 steps because it sends 7 bits and stills needs the time to conc
             -lude the last bit before it loads the counter again
 105   1      
 106   1              ClearBusyFlag();
 107   1      
 108   1              if (counter==8)
 109   1              {
 110   2                      Input.Abyte = input;
 111   2              }
 112   1      
C51 COMPILER V9.53.0.0   DALI                                                              04/20/2016 16:50:44 PAGE 3   

 113   1              while (counter>=0)
 114   1              {
 115   2                      while(GetBusyFlag()==1);
 116   2      
 117   2                      if (GetBusyFlag()==0)
 118   2                      {
 119   3                              switch (counter--){
 120   4      
 121   4                                                              case 0: //SetBusyFlag();
 122   4                                                              break;
 123   4                                                              case 1: DaliFlags.flag.Output = Input.nybble.BB0;
 124   4                                                              SetBusyFlag();
 125   4                                                              break;
 126   4                                                              case 2: DaliFlags.flag.Output = Input.nybble.BB1;
 127   4                                                              SetBusyFlag();
 128   4                                                              break;
 129   4                                                              case 3: DaliFlags.flag.Output = Input.nybble.BB2;
 130   4                                                              SetBusyFlag();
 131   4                                                              break;
 132   4                                                              case 4: DaliFlags.flag.Output = Input.nybble.BB3;
 133   4                                                              SetBusyFlag();
 134   4                                                              break;
 135   4                                                              case 5: DaliFlags.flag.Output = Input.nybble.BB4;
 136   4                                                              SetBusyFlag();
 137   4                                                              break;
 138   4                                                              case 6: DaliFlags.flag.Output = Input.nybble.BB5;
 139   4                                                              SetBusyFlag();
 140   4                                                              break;
 141   4                                                              case 7: DaliFlags.flag.Output = Input.nybble.BB6;
 142   4                                                              SetBusyFlag();
 143   4                                                              break;
 144   4                                                              case 8: DaliFlags.flag.Output = Input.nybble.BB7;
 145   4                                                              SetBusyFlag();
 146   4                                                              break;
 147   4                                      }
 148   3      
 149   3      
 150   3                      }
 151   2      
 152   2              }
 153   1      
 154   1              counter=8;
 155   1      
 156   1      }
 157          
 158          /*********************************************************************************
 159           *********************************************************************************
 160                                                   Dali TX Related Functions
 161           *********************************************************************************
 162           *********************************************************************************/
 163          
 164          void DaliTxHandler()
 165          {
 166   1              static uint8_t counter = 0;
 167   1              static uint8_t evcounter = 0;
 168   1      
 169   1              if (GetBusyFlag())
 170   1              {
 171   2                      if (evcounter++==15)
 172   2                              {evcounter=0;}
 173   2                      if (GetDaliStopFlag()==0)               //Are these the Stop Bits?
 174   2                      {
 175   3      
C51 COMPILER V9.53.0.0   DALI                                                              04/20/2016 16:50:44 PAGE 4   

 176   3                              //The next lines implement the two steps of the Manchester Decoding
 177   3                              if (counter==0)                                 //Process First Part of the Byte
 178   3                              {
 179   4                                      if (GetMDOutput()==0) SetDaliOutputPin();
 180   4                                      else ClearDaliOutputPin();
 181   4                                      counter++;
 182   4                              }
 183   3                              else
 184   3                              {                                                               //Process 2nd Part of the Byte
 185   4      
 186   4                                      if (GetMDOutput()==0) ClearDaliOutputPin();
 187   4                                      else SetDaliOutputPin();
 188   4                                      counter=0;
 189   4      
 190   4                                      ClearBusyFlag();                //Finished Processing Byte for Manchester Encoder
 191   4                              }
 192   3      
 193   3                      }
 194   2                      else                            //Yes, This is the Stop bits stage
 195   2                              {
 196   3                                      if (counter++<4)        SetDaliOutputPin();             //It keeps the Output High for 4 Cycles of the Timer
 197   3                                      else{
 198   4                                                      SetDaliOutputPin();             //The Line is normally High;
 199   4                                                      counter=0;
 200   4                                                      ClearDaliStopFlag();
 201   4                                                      ClearBusyFlag();                //Finished Processing Byte for Manchester Encoder
 202   4                                              }
 203   3                              }
 204   2                      }
 205   1      
 206   1      }
 207          
 208          
 209          void ReloadDaliTxTimer(uint8_t reloadH, uint8_t reloadL)
 210          {
 211   1              TH0 = reloadH;
 212   1              TL0 = reloadL;
 213   1      }
 214          
 215          
 216          void StartDaliTxTimer()
 217          {
 218   1      
 219   1              TCON |= TCON_TR0__RUN;          //Enables Timer 1 Run
 220   1      }
 221          
 222          
 223          uint16_t GetDaliTxTimer()
 224          {
 225   1              return TH0|TL0;
 226   1      }
 227          
 228          
 229          void StopDaliTxTimer()
 230          {
 231   1      
 232   1              TH1 = 0;
 233   1              TL1 = 0;
 234   1              TCON |= TCON_TR0__STOP;         //Enables Timer 1 Run
 235   1      }
 236          
 237          
 238          void DaliFrameStart()
C51 COMPILER V9.53.0.0   DALI                                                              04/20/2016 16:50:44 PAGE 5   

 239          {
 240   1              ClearBusyFlag();                                //Clear Flag that indicates the Manchester Decoder is Busy on the Interrupt
 241   1              SetMDOutput();
 242   1              SetBusyFlag();                                  //Sets the Busy Flag so the Bit can be processed
 243   1              while(GetBusyFlag()==1);                //Waits until the Bit gets transmitted
 244   1      
 245   1      }
 246          
 247          void DaliFrameStop()
 248          {
 249   1              ClearBusyFlag();                //Clear Flag that indicates the Manchester Decoder is Busy on the Interrupt
 250   1              SetDaliStopFlag();
 251   1              SetBusyFlag();                  //Sets the Busy Flag so the Bit can be processed
 252   1              while(GetBusyFlag()==1);                //Waits until the Bit gets transmitted
 253   1      
 254   1      }
 255          
 256          void DaliTXStateMachine(uint8_t address, uint8_t Ddata)
 257          {
 258   1              DALI_FRAME States;
 259   1      
 260   1              SetDaliOutputPin();                     //The Line is Normally High
 261   1              States = START;
 262   1      
 263   1              while (States<END)
 264   1              {
 265   2                      switch (States)
 266   2                      {
 267   3                              case START: {
 268   4                                                              DaliFrameStart();
 269   4                                                              States= ADDRESS;
 270   4                                                              break;
 271   4                                                      }
 272   3      
 273   3                              case ADDRESS: {
 274   4                                                              ManchesterEncoder(address);
 275   4                                                              States= DATA;
 276   4                                                              break;
 277   4                                                      }
 278   3      
 279   3                              case DATA: {
 280   4                                                              ManchesterEncoder(Ddata);
 281   4                                                              States= STOP;
 282   4                                                              break;
 283   4                                                      }
 284   3      
 285   3                              case STOP: {
 286   4                                                              DaliFrameStop();
 287   4                                                              States= END;
 288   4                                                              break;
 289   4                                                      }
 290   3      
 291   3                      }
 292   2              }
 293   1      
 294   1      }
 295          /*Dali Stop bit Flag Getters and Setters*/
 296          
 297          void SetDaliStopFlag()
 298          {
 299   1              DaliFlags.flag.Stop =1;
 300   1      }
 301          
C51 COMPILER V9.53.0.0   DALI                                                              04/20/2016 16:50:44 PAGE 6   

 302          void ClearDaliStopFlag()
 303          {
 304   1              DaliFlags.flag.Stop =0;
 305   1      }
 306          
 307          bit GetDaliStopFlag()
 308          {
 309   1       return DaliFlags.flag.Stop;
 310   1      }
 311          
 312          
 313          void SetDaliOutputPin()
 314          {
 315   1              DALI_OUT=1;
 316   1      }
 317          
 318          void ClearDaliOutputPin()
 319          {
 320   1              DALI_OUT=0;
 321   1      }
 322          
 323          bit GetDaliOutputPin()
 324          {
 325   1       return DALI_OUT;
 326   1      }
 327          
 328          
 329          /*********************************************************************************
 330           *********************************************************************************
 331                                                   Dali RX Related Functions
 332           *********************************************************************************
 333           *********************************************************************************/
 334          uint8_t BusQuietCounter;
 335          
 336          bit _1stQ;
 337          bit _2ndQ;
 338          bit _3rdQ;
 339          bit _4thQ;
 340          
 341          static xdata DALI_FRAME ErrorLog = IDLE;
 342          
 343          
 344          
 345          DALI_FRAME startconditionbitDemodulation()
 346          {
 347   1              static xdata DALI_DEMOD bitState = _1qB;
 348   1      
 349   1              switch (bitState)
 350   1              {
 351   2                      case _1qB: //This is Triggered by the INT1_ISR
 352   2                      {
 353   3                              _1stQ = GetDaliIntputPin();
 354   3                              if((GetDaliIntputPin()==DALI_LOGIC_0))
 355   3                              {
 356   4      
 357   4                                      ReloadnStartDaliRxTimer(STMH, STML);
 358   4                                      bitState = _2qB;
 359   4                                      //ToogleTestLed();
 360   4                              }
 361   3                              else
 362   3                              {
 363   4                                      //Something is wrong with the Data, it Returns an Error
 364   4                                      bitState = _1qB;
C51 COMPILER V9.53.0.0   DALI                                                              04/20/2016 16:50:44 PAGE 7   

 365   4                                      return ERRORRESET;
 366   4                              }
 367   3                              break;
 368   3                      }
 369   2      
 370   2                      case _2qB: //This is Triggered by the TIMER1_ISR
 371   2                      {
 372   3                              _2ndQ = GetDaliIntputPin();
 373   3                              if((GetDaliIntputPin()==DALI_LOGIC_0))
 374   3                              {
 375   4      
 376   4                                      StopnDisableDaliRxTimer();
 377   4                                      SetDaliInputPinPolarity(ACTIVE_HIGH);
 378   4                                      EnableInt1();
 379   4                                      bitState = _3qB;
 380   4                                      //ToogleTestLed();
 381   4                              }
 382   3                              else
 383   3                              {
 384   4                                      //Something is wrong with the Data, it Returns an Error
 385   4                                      bitState = _1qB;
 386   4                                      return ERRORRESET;
 387   4                              }
 388   3                              break;
 389   3                      }
 390   2      
 391   2                      case _3qB: //This is Triggered by the TIMER1_ISR
 392   2                      {
 393   3                              _3rdQ = GetDaliIntputPin();
 394   3                              if((GetDaliIntputPin()==DALI_LOGIC_1))
 395   3                              {
 396   4      
 397   4      
 398   4                                      ReloadnStartDaliRxTimer(STMH, STML);
 399   4                                      bitState = _4qB;
 400   4                                      //ToogleTestLed();
 401   4      
 402   4                              }
 403   3                              else
 404   3                              {
 405   4                                      //Something is wrong with the Data, it Returns an Error
 406   4                                      bitState = _1qB;
 407   4                                      return ERRORRESET;
 408   4                              }
 409   3                              break;
 410   3      
 411   3                      }
 412   2                      case _4qB: //This is Triggered by the TIMER1_ISR, once completed successfully it disables the INT1 and i
             -t uses the Timer to check the DALI_IN State
 413   2                      {
 414   3                              _4thQ = GetDaliIntputPin();
 415   3                              if((GetDaliIntputPin()==DALI_LOGIC_1))
 416   3                              {
 417   4      
 418   4      
 419   4                                      DisableInt1();
 420   4                                      ReloadnStartDaliRxTimer(STMH, STML);
 421   4                                      bitState = _1qB;
 422   4                                      //ToogleTestLed();
 423   4                                      return ADDRESS; //Processing is done. It resets this state machine and moves the main state machine to
             - the next state
 424   4                              }
 425   3                              else
C51 COMPILER V9.53.0.0   DALI                                                              04/20/2016 16:50:44 PAGE 8   

 426   3                              {
 427   4                                      //Something is wrong with the Data, it resets the INT trigger and Disables Timer
 428   4                                      bitState = _1qB;
 429   4                                      return ERRORRESET;
 430   4                              }
 431   3                              break;
 432   3                      }
 433   2      
 434   2              }
 435   1      
 436   1              return START; //Still Processing the Bit
 437   1      }
 438          
 439          DALI_FRAME stopconditionbitverify()
 440          {
 441   1              static xdata DALI_DEMOD bitState = _1qB;
 442   1      
 443   1              switch (bitState)
 444   1              {
 445   2                      case _1qB: //This is Triggered by the TIMER1_ISR
 446   2                      {
 447   3                              if((GetDaliIntputPin()==DALI_LOGIC_1))
 448   3                              {
 449   4      
 450   4                                      _1stQ = GetDaliIntputPin();
 451   4                                      ReloadDaliRxTimer(TMH, TML);
 452   4                                      bitState = _2qB;
 453   4                                      ToogleTestLed1();
 454   4                              }
 455   3                              else //If the bit is corrupted, the device goes to ERRORRESET MODE
 456   3                              {
 457   4                                      bitState = _1qB;
 458   4                                      return ERRORRESET;
 459   4                              }
 460   3                              break;
 461   3                      }
 462   2      
 463   2                      case _2qB: //This is Triggered by the TIMER1_ISR
 464   2                      {
 465   3                              if((GetDaliIntputPin()==DALI_LOGIC_1))
 466   3                              {
 467   4      
 468   4                                      _2ndQ = GetDaliIntputPin();
 469   4                                      ReloadDaliRxTimer(TMH, TML);
 470   4                                      bitState = _3qB;
 471   4                                      ToogleTestLed1();
 472   4                              }
 473   3                              else //If the bit is corrupted, the device goes to ERRORRESET MODE
 474   3                              {
 475   4                                      bitState = _1qB;
 476   4                                      return ERRORRESET;
 477   4                              }
 478   3                              break;
 479   3                      }
 480   2      
 481   2                      case _3qB: //This is Triggered by the TIMER1_ISR
 482   2                      {
 483   3                              if((GetDaliIntputPin()==DALI_LOGIC_1))
 484   3                              {
 485   4      
 486   4                                      _3rdQ = GetDaliIntputPin();
 487   4                                      ReloadDaliRxTimer(TMH, TML);
 488   4                                      bitState = _4qB;
C51 COMPILER V9.53.0.0   DALI                                                              04/20/2016 16:50:44 PAGE 9   

 489   4                                      ToogleTestLed1();
 490   4      
 491   4                              }
 492   3                              else //If the bit is corrupted, the device goes to ERRORRESET MODE
 493   3                              {
 494   4                                      bitState = _1qB;
 495   4                                      return ERRORRESET;
 496   4                              }
 497   3                              break;
 498   3      
 499   3                      }
 500   2                      case _4qB: //This is Triggered by the TIMER1_ISR, once completed successfully it disables the INT1 and i
             -t uses the Timer to check the DALI_IN State
 501   2                      {
 502   3                              if((GetDaliIntputPin()==DALI_LOGIC_1))
 503   3                              {
 504   4      
 505   4                                      _4thQ = GetDaliIntputPin();
 506   4                                      bitState = _1qB;
 507   4                                      ToogleTestLed1();
 508   4                                      return END; //Processing is done. It resets this state machine and moves the main state machine to the
             - next state
 509   4                              }
 510   3                              else //If the bit is corrupted, the device goes to ERRORRESET MODE
 511   3                                      {
 512   4                                              bitState = _1qB;
 513   4                                              return ERRORRESET;
 514   4                                      }
 515   3                              break;
 516   3                      }
 517   2      
 518   2              }
 519   1      
 520   1              return STOP; //Still Processing the Bit
 521   1      }
 522          
 523          
 524          bit bitDemodulation()
 525          {
 526   1              static xdata DALI_DEMOD bitState = _1qB;
 527   1      
 528   1              switch (bitState)
 529   1                      {
 530   2                              case _1qB: //This is Triggered by the TIMER1_ISR
 531   2                              {
 532   3      
 533   3                                      _1stQ = GetDaliIntputPin();
 534   3                                      ReloadnStartDaliRxTimer(STMH, STML);
 535   3                                      bitState = _2qB;
 536   3                                      //ToogleTestLed1();
 537   3                                      break;
 538   3                              }
 539   2      
 540   2                              case _2qB: //This is Triggered by the TIMER1_ISR
 541   2                              {
 542   3                                      _2ndQ = GetDaliIntputPin();
 543   3                                      ReloadnStartDaliRxTimer(STMH, STML);
 544   3                                      bitState = _3qB;
 545   3                                      //ToogleTestLed2();
 546   3                                      break;
 547   3                              }
 548   2      
 549   2                              case _3qB: //This is Triggered by the TIMER1_ISR
C51 COMPILER V9.53.0.0   DALI                                                              04/20/2016 16:50:44 PAGE 10  

 550   2                              {
 551   3      
 552   3                                      _3rdQ = GetDaliIntputPin();
 553   3                                      ReloadnStartDaliRxTimer(STMH, STML);
 554   3                                      bitState = _4qB;
 555   3                                      //ToogleTestLed3();
 556   3                                      break;
 557   3      
 558   3                              }
 559   2                              case _4qB: //This is Triggered by the TIMER1_ISR
 560   2                              {
 561   3      
 562   3                                      _4thQ = GetDaliIntputPin();
 563   3                                      ReloadnStartDaliRxTimer(STMH, STML);
 564   3                                      bitState = _1qB;
 565   3                                      //ToogleTestLed4();
 566   3                                      return 1; //Processing is done. It resets this state machine and informs user the bit information is a
             -vailable
 567   3                                      break;
 568   3                              }
 569   2                      }
 570   1              return 0;       //Still Processing the Bit
 571   1      
 572   1      }
 573          
 574          //This Function returns the Logic level of the Bit read by the bitDemodulation() function and it clears th
             -e "Quarter" bits. If the bit is invalid, it returns -1
 575          int isbitHighorLow()
 576          {
 577   1              int output=-1;
 578   1      
 579   1              if ((_1stQ==DALI_LOGIC_0) && (_2ndQ==DALI_LOGIC_0) && (_3rdQ==DALI_LOGIC_1) && (_4thQ==DALI_LOGIC_1)) out
             -put = 1;
 580   1              else if ((_1stQ==DALI_LOGIC_1) && (_2ndQ==DALI_LOGIC_1) && (_3rdQ==DALI_LOGIC_0) && (_4thQ==DALI_LOGIC_0)
             -) output = 0;
 581   1      
 582   1              //It Resets the "Global" bits (File Scope only) that are used to store the data read from the GPIO
 583   1              _1stQ=0;
 584   1              _2ndQ=0;
 585   1              _3rdQ=0;
 586   1              _4thQ=0;
 587   1      
 588   1              return output;
 589   1      }
 590          
 591          
 592          void DaliRXDecoding(int EntryMethod)
 593          {
 594   1              static xdata DALI_FRAME State = IDLE;
 595   1              int Entry;
 596   1      
 597   1              static xdata BITS_BYTE DaliData;                //Variable used to temporarily store the bits being read from the Dali 
             -Command
 598   1              static xdata uint8_t bitscounter=7;             //Keeps the position of the current bit being read
 599   1              int bitread=0;                                                  //Used to store the current bit being read. if the value is -1, it means the data wa
             -s invalid
 600   1      
 601   1              Entry=EntryMethod;
 602   1      
 603   1              switch (State)
 604   1      
 605   1                              {
 606   2      
C51 COMPILER V9.53.0.0   DALI                                                              04/20/2016 16:50:44 PAGE 11  

 607   2                                      case IDLE:                      //In this state, it checks if the RX bus was quite and also if it receives the start bit
 608   2                                                              {
 609   3                                                                      if (GetBusQuietCounter()>1) State = START;
 610   3                                                                      DaliData.Abyte=0;
 611   3                                                                      DaliFlags.DRegister=0;          //It resets all the Flags
 612   3                                                                      DaliFlags.flag.Busy=1;          //It sets the Flag indicating the Dali Rx is busy
 613   3      
 614   3                                                                      //This Jumps straight to the next State on the State Machine so we don't loose a cycle, it purp
             -osely doesn't have a break
 615   3                                                              }
 616   2      
 617   2                                      case START:                     //In this state, it checks if the RX bus was quite and also if it receives the start bit
 618   2                                                              {
 619   3                                                                      State = startconditionbitDemodulation();
 620   3                                                                      if (State==ERRORRESET) ErrorLog = START;
 621   3                                                                      break;
 622   3                                                              }
 623   2      
 624   2                                      case ADDRESS:                   //In this state, it gets the Data coming from the Dali Packet and load it to the Ad
             -dress Register and to the Data Register
 625   2                                      case DATA:
 626   2                                                      {
 627   3      
 628   3                                                              if (bitDemodulation())  //Is Demodulation done for the bit?
 629   3                                                                      {
 630   4                                                                              bitread = isbitHighorLow();
 631   4      
 632   4                                                                              if (bitread!=-1)
 633   4                                                                              {
 634   5                                                                                      switch (bitscounter)
 635   5                                                                                      {
 636   6                                                                                              case 0: DaliData.nybble.BB0 = bitread;
 637   6                                                                                                              break;
 638   6      
 639   6                                                                                              case 1: DaliData.nybble.BB1 = bitread;
 640   6                                                                                                              break;
 641   6      
 642   6                                                                                              case 2: DaliData.nybble.BB2 = bitread;
 643   6                                                                                                              break;
 644   6      
 645   6                                                                                              case 3: DaliData.nybble.BB3 = bitread;
 646   6                                                                                                              break;
 647   6      
 648   6                                                                                              case 4: DaliData.nybble.BB4 = bitread;
 649   6                                                                                                              break;
 650   6      
 651   6                                                                                              case 5: DaliData.nybble.BB5 = bitread;
 652   6                                                                                                              break;
 653   6      
 654   6                                                                                              case 6: DaliData.nybble.BB6 = bitread;
 655   6                                                                                                              break;
 656   6      
 657   6                                                                                              case 7: DaliData.nybble.BB7 = bitread;
 658   6                                                                                                              break;
 659   6                                                                                      }
 660   5                                                                                      if(bitscounter--==0)
 661   5                                                                                      {
 662   6      
 663   6                                                                                              bitscounter=7;
 664   6                                                                                              if (State==ADDRESS)     //Reading Address
 665   6                                                                                              {
 666   7                                                                                                      DaliRXReg.Address= DaliData.Abyte;
 667   7                                                                                                      State=DATA;
C51 COMPILER V9.53.0.0   DALI                                                              04/20/2016 16:50:44 PAGE 12  

 668   7                                                                                              }
 669   6                                                                                              else                            //Reading Data
 670   6                                                                                              {
 671   7                                                                                                      DaliRXReg.Data= DaliData.Abyte;
 672   7                                                                                                      State= STOP;
 673   7                                                                                                      ReloadnStartDaliRxTimer(TMH,TML); //Reloads the Timer for the STOP bit condition
 674   7      
 675   7                                                                                              }
 676   6      
 677   6                                                                                      }
 678   5      
 679   5                                                                              }
 680   4      
 681   4                                                                              else //If any of the bits is corrupted, the device goes to ERRORRESET MODE
 682   4                                                                              {
 683   5                                                                                      ErrorLog = State;
 684   5                                                                                      State = ERRORRESET;
 685   5      
 686   5                                                                              }
 687   4                                                              }
 688   3                                                              break;
 689   3                                                      }
 690   2                                      case STOP:                      //In this state, it checks if the RX bus was quite and also if it receives the start bit
 691   2                                                              {
 692   3                                                                      State = stopconditionbitverify();
 693   3                                                                      if (State==ERRORRESET) ErrorLog = STOP;
 694   3      
 695   3                                                                      if (State==STOP)        break;
 696   3                                                              }
 697   2                                      case END:                       //In this state, it Resets the state machine and Turn on the Data Ready Flag
 698   2                                                              {
 699   3                                                                      State = IDLE;
 700   3                                                                      ToogleTestLed2();
 701   3                                                                      ErrorLog = IDLE;
 702   3                                                                      StopnDisableDaliRxTimer();
 703   3                                                                      SetDaliInputPinPolarity(ACTIVE_LOW);
 704   3                                                                      EnableInt1();
 705   3                                                                      DaliFlags.flag.Dataready = 1;
 706   3                                                                      break;
 707   3                                                              }
 708   2      
 709   2                                      case ERRORRESET:                        //In this state, it Resets the state machine and Turn on the Data Ready Flag
 710   2                                                              {
 711   3                                                                      State = IDLE;
 712   3                                                                      ToogleTestLed5();
 713   3                                                                      StopnDisableDaliRxTimer();
 714   3                                                                      SetDaliInputPinPolarity(ACTIVE_LOW);
 715   3                                                                      EnableInt1();
 716   3                                                                      DaliFlags.flag.Error = 1;
 717   3                                                                      break;
 718   3                                                              }
 719   2      
 720   2                                      default: State=IDLE;
 721   2      
 722   2      
 723   2      
 724   2                              }
 725   1      }
 726          
 727          
 728          bit GetDaliIntputPin()
 729          {
 730   1       return DALI_IN;
C51 COMPILER V9.53.0.0   DALI                                                              04/20/2016 16:50:44 PAGE 13  

 731   1      }
 732          
 733          void EnableDaliRxTimerInt()
 734          {
 735   1              IE |= IE_ET1__ENABLED;
 736   1      }
 737          
 738          void DisableDaliRxTimerInt()
 739          {
 740   1              IE &= 0xf7;
 741   1      }
 742          
 743          
 744          void ReloadDaliRxTimer(uint8_t reloadH, uint8_t reloadL)
 745          {
 746   1              TH1 = reloadH;
 747   1              TL1 = reloadL;
 748   1      }
 749          
 750          void ReloadnStartDaliRxTimer(uint8_t reloadH, uint8_t reloadL)
 751          {
 752   1              TH1 = reloadH;
 753   1              TL1 = reloadL;
 754   1              EnableDaliRxTimerInt();
 755   1              StartDaliRxTimer();
 756   1      }
 757          
 758          void StopnDisableDaliRxTimer()
 759          {
 760   1      
 761   1              StopDaliRxTimer();
 762   1              DisableDaliRxTimerInt();
 763   1      }
 764          
 765          
 766          void StartDaliRxTimer()
 767          {
 768   1      
 769   1              TCON |= TCON_TR1__RUN;          //Enables Timer 1 Run
 770   1      }
 771          
 772          
 773          uint16_t GetDaliRxTimer()
 774          {
 775   1              return TH1|TL1;
 776   1      }
 777          
 778          
 779          void StopDaliRxTimer()
 780          {
 781   1      
 782   1              TH1 = 0;
 783   1              TL1 = 0;
 784   1              TCON |= TCON_TR1__STOP;         //Enables Timer 1 Run
 785   1      }
 786          
 787          void IsDaliBusQuiet()
 788          {
 789   1      
 790   1              if (GetDaliIntputPin()==1)
 791   1              {
 792   2      
 793   2                      if(GetBusQuietCounter()<=254) IncBusQuietCounter();
C51 COMPILER V9.53.0.0   DALI                                                              04/20/2016 16:50:44 PAGE 14  

 794   2              }
 795   1              if (GetDaliIntputPin()==0)
 796   1              {
 797   2      
 798   2                      ClearBusQuietCounter();
 799   2              }
 800   1      }
 801          
 802          
 803          void IncBusQuietCounter()
 804          {
 805   1              BusQuietCounter++;
 806   1      }
 807          
 808          void ClearBusQuietCounter()
 809          {
 810   1              BusQuietCounter=0;
 811   1      }
 812          
 813          uint8_t GetBusQuietCounter()
 814          {
 815   1              return BusQuietCounter;
 816   1      }
 817          
 818          
 819          void SetDaliRxErrorFlag()
 820          {
 821   1              DaliFlags.flag.Error = 1;
 822   1      }
 823          
 824          void ClearDaliRxErrorFlag()
 825          {
 826   1              DaliFlags.flag.Error = 0;
 827   1      }
 828          
 829          bit GetDaliRxErrorFlag()
 830          {
 831   1              return DaliFlags.flag.Error;
 832   1      }
 833          
 834          
 835          void SetDaliInputPinPolarity (INTPOLARITY input)
 836          {
 837   1              if (input==ACTIVE_HIGH) IT01CF |= 0x80;
 838   1              else IT01CF &=0x7f;
 839   1      }
 840          
 841          
 842          void EnableInt1 ()
 843          {
 844   1              IE |= 0x4;
 845   1      }
 846          
 847          void DisableInt1 ()
 848          {
 849   1              IE &= 0xfb;
 850   1      }
 851          


MODULE INFORMATION:   STATIC OVERLAYABLE
   CODE SIZE        =   1451    ----
   CONSTANT SIZE    =   ----    ----
C51 COMPILER V9.53.0.0   DALI                                                              04/20/2016 16:50:44 PAGE 15  

   XDATA SIZE       =     10    ----
   PDATA SIZE       =   ----    ----
   DATA SIZE        =      5       6
   IDATA SIZE       =   ----    ----
   BIT SIZE         =      4    ----
   EDATA SIZE       =   ----    ----
   HDATA SIZE       =   ----    ----
   XDATA CONST SIZE =   ----    ----
   FAR CONST SIZE   =   ----    ----
END OF MODULE INFORMATION.


C51 COMPILATION COMPLETE.  0 WARNING(S),  0 ERROR(S)
