C51 COMPILER V9.53.0.0   DALI                                                              04/18/2016 16:32:02 PAGE 1   


C51 COMPILER V9.53.0.0, COMPILATION OF MODULE DALI
OBJECT MODULE PLACED IN .\src\Dali.OBJ
COMPILER INVOKED BY: c:\SiliconLabs\SimplicityStudio\v3\developer\toolchains\keil_8051\9.53\BIN\C51.exe C:\Users\clfilho
                    -\Dropbox (Silicon Labs)\Code_Workspace_Dali\Dali_\src\Dali.c OMF2 SMALL DEBUG OBJECTEXTEND ROM(LARGE) WARNINGLEVEL(2) FL
                    -OATFUZZY(3) OPTIMIZE(8,SPEED) DEFINE(DEBUG=1) INTVECTOR(0X0000) INTPROMOTE INCDIR(C:/SiliconLabs/SimplicityStudio/v3/dev
                    -eloper/sdks/si8051/v3//Device/shared/si8051Base;C:/SiliconLabs/SimplicityStudio/v3/developer/sdks/si8051/v3//Device/EFM8
                    -UB1;C:/SiliconLabs/SimplicityStudio/v3/developer/sdks/si8051/v3//Device/EFM8UB1/inc) PRINT(.\src\Dali.lst) COND PAGEWIDT
                    -H(120) PAGELENGTH(65) OBJECT(.\src\Dali.OBJ)

line level    source

   1          //-----------------------------------------------------------------------------
   2          // Dali.c
   3          //-----------------------------------------------------------------------------
   4          // Copyright 2014 Silicon Laboratories, Inc.
   5          // http://developer.silabs.com/legal/version/v11/Silicon_Labs_Software_License_Agreement.txt
   6          //
   7          // Program Description:
   8          //
   9          // This program uses Timer0 in 8-bit counter/timer with reload mode.
  10          // It uses the Timer0 to create an interrupt at a certain rate and toggles
  11          // the LED when the interrupt counter reaches the selected value. 
  12          //
  13          // Resources:
  14          //   SYSCLK - 24.5 MHz HFOSC0 / 8
  15          //   Timer0 - 10 Hz interrupt
  16          //   P1.4   - LED green
  17          //   P2.3   - Display enable
  18          //
  19          //-----------------------------------------------------------------------------
  20          // How To Test: EFM8UB1 STK
  21          //-----------------------------------------------------------------------------
  22          // 1) Place the switch in "AEM" mode.
  23          // 2) Connect the EFM8UB1 STK board to a PC using a mini USB cable.
  24          // 3) Compile and download code to the EFM8UB1 STK board.
  25          //    In Simplicity Studio IDE, select Run -> Debug from the menu bar,
  26          //    click the Debug button in the quick menu, or press F11.
  27          // 4) Run the code.
  28          //    In Simplicity Studio IDE, select Run -> Resume from the menu bar,
  29          //    click the Resume button in the quick menu, or press F8.
  30          // 5) Check that the green LED is blinking.
  31          //
  32          // Target:         EFM8UB1
  33          // Tool chain:     Generic
  34          //
  35          // Release 0.1 (ST)
  36          //    - Initial Revision
  37          //    - 10 OCT 2014
  38          //
  39          
  40          //-----------------------------------------------------------------------------
  41          // Includes
  42          //-----------------------------------------------------------------------------
  43          #include <SI_EFM8UB1_Register_Enums.h>
  44          #include "InitDevice.h"
  45          #include "Dali.h"
  46          
  47          
  48          
  49          
  50          //bit MDone;
  51          //bit MOutput;
C51 COMPILER V9.53.0.0   DALI                                                              04/18/2016 16:32:02 PAGE 2   

  52          //bit DaliStopFlag;
  53          //bit DaliErrorFlag;
  54          
  55          DALIFLAGS DaliFlags;
  56          
  57          /*********************************************************************************
  58           *********************************************************************************
  59                                                   Manchester Encoder Related Functions
  60           *********************************************************************************
  61           *********************************************************************************/
  62          
  63          
  64          /*Manchester Decoder Busy Flag Getters and Setters*/
  65          
  66          void SetBusyFlag()
  67          {
  68   1              DaliFlags.flag.Busy = 1;
  69   1      }
  70          
  71          void ClearBusyFlag()
  72          {
  73   1              DaliFlags.flag.Busy = 0;
  74   1      }
  75          
  76          bit GetBusyFlag()
  77          {
  78   1       return DaliFlags.flag.Busy;
  79   1      }
  80          
  81          /*Manchester Decoder Output Flag Getters and Setters*/
  82          
  83          void SetMDOutput()
  84          {
  85   1              DaliFlags.flag.Output =1;
  86   1      }
  87          
  88          void ClearMDOutput()
  89          {
  90   1              DaliFlags.flag.Output =0;
  91   1      }
  92          
  93          bit GetMDOutput()
  94          {
  95   1       return DaliFlags.flag.Output;
  96   1      }
  97          SI_SBIT (LED2,SFR_P1, 4);                          //PB0 Switch Definition
  98          
  99          void ManchesterEncoder (uint8_t input)
 100          {
 101   1              static BITS_BYTE Input;
 102   1      
 103   1              static int8_t counter = 8;                              //It uses 8 steps because it sends 7 bits and stills needs the time to conc
             -lude the last bit before it loads the counter again
 104   1      
 105   1              ClearBusyFlag();
 106   1      
 107   1              if (counter==8)
 108   1              {
 109   2                      Input.Abyte = input;
 110   2              }
 111   1      
 112   1              while (counter>=0)
 113   1              {
C51 COMPILER V9.53.0.0   DALI                                                              04/18/2016 16:32:02 PAGE 3   

 114   2                      while(GetBusyFlag()==1);
 115   2      
 116   2                      if (GetBusyFlag()==0)
 117   2                      {
 118   3                              switch (counter--){
 119   4      
 120   4                                                              case 0: //SetBusyFlag();
 121   4                                                              break;
 122   4                                                              case 1: DaliFlags.flag.Output = Input.nybble.BB0;
 123   4                                                              SetBusyFlag();
 124   4                                                              break;
 125   4                                                              case 2: DaliFlags.flag.Output = Input.nybble.BB1;
 126   4                                                              SetBusyFlag();
 127   4                                                              break;
 128   4                                                              case 3: DaliFlags.flag.Output = Input.nybble.BB2;
 129   4                                                              SetBusyFlag();
 130   4                                                              break;
 131   4                                                              case 4: DaliFlags.flag.Output = Input.nybble.BB3;
 132   4                                                              SetBusyFlag();
 133   4                                                              break;
 134   4                                                              case 5: DaliFlags.flag.Output = Input.nybble.BB4;
 135   4                                                              SetBusyFlag();
 136   4                                                              break;
 137   4                                                              case 6: DaliFlags.flag.Output = Input.nybble.BB5;
 138   4                                                              SetBusyFlag();
 139   4                                                              break;
 140   4                                                              case 7: DaliFlags.flag.Output = Input.nybble.BB6;
 141   4                                                              SetBusyFlag();
 142   4                                                              break;
 143   4                                                              case 8: DaliFlags.flag.Output = Input.nybble.BB7;
 144   4                                                              SetBusyFlag();
 145   4                                                              break;
 146   4                                      }
 147   3      
 148   3      
 149   3                      }
 150   2      
 151   2              }
 152   1      
 153   1              counter=8;
 154   1      
 155   1      }
 156          
 157          /*********************************************************************************
 158           *********************************************************************************
 159                                                   Dali TX Related Functions
 160           *********************************************************************************
 161           *********************************************************************************/
 162          
 163          void DaliTxHandler()
 164          {
 165   1              static uint8_t counter = 0;
 166   1              static uint8_t evcounter = 0;
 167   1      
 168   1              if (GetBusyFlag())
 169   1              {
 170   2                      if (evcounter++==15)
 171   2                              {evcounter=0;}
 172   2                      if (GetDaliStopFlag()==0)               //Are these the Stop Bits?
 173   2                      {
 174   3      
 175   3                              //The next lines implement the two steps of the Manchester Decoding
 176   3                              if (counter==0)                                 //Process First Part of the Byte
C51 COMPILER V9.53.0.0   DALI                                                              04/18/2016 16:32:02 PAGE 4   

 177   3                              {
 178   4                                      if (GetMDOutput()==0) SetDaliOutputPin();
 179   4                                      else ClearDaliOutputPin();
 180   4                                      counter++;
 181   4                              }
 182   3                              else
 183   3                              {                                                               //Process 2nd Part of the Byte
 184   4      
 185   4                                      if (GetMDOutput()==0) ClearDaliOutputPin();
 186   4                                      else SetDaliOutputPin();
 187   4                                      counter=0;
 188   4      
 189   4                                      ClearBusyFlag();                //Finished Processing Byte for Manchester Encoder
 190   4                              }
 191   3      
 192   3                      }
 193   2                      else                            //Yes, This is the Stop bits stage
 194   2                              {
 195   3                                      if (counter++<4)        SetDaliOutputPin();             //It keeps the Output High for 4 Cycles of the Timer
 196   3                                      else{
 197   4                                                      SetDaliOutputPin();             //The Line is normally High;
 198   4                                                      counter=0;
 199   4                                                      ClearDaliStopFlag();
 200   4                                                      ClearBusyFlag();                //Finished Processing Byte for Manchester Encoder
 201   4                                              }
 202   3                              }
 203   2                      }
 204   1      
 205   1      }
 206          
 207          
 208          void ReloadDaliTxTimer(uint8_t reloadH, uint8_t reloadL)
 209          {
 210   1              TH0 = reloadH;
 211   1              TL0 = reloadL;
 212   1      }
 213          
 214          
 215          void StartDaliTxTimer()
 216          {
 217   1      
 218   1              TCON |= TCON_TR0__RUN;          //Enables Timer 1 Run
 219   1      }
 220          
 221          
 222          uint16_t GetDaliTxTimer()
 223          {
 224   1              return TH0|TL0;
 225   1      }
 226          
 227          
 228          void StopDaliTxTimer()
 229          {
 230   1      
 231   1              TH1 = 0;
 232   1              TL1 = 0;
 233   1              TCON |= TCON_TR0__STOP;         //Enables Timer 1 Run
 234   1      }
 235          
 236          
 237          void DaliFrameStart()
 238          {
 239   1              ClearBusyFlag();                                //Clear Flag that indicates the Manchester Decoder is Busy on the Interrupt
C51 COMPILER V9.53.0.0   DALI                                                              04/18/2016 16:32:02 PAGE 5   

 240   1              SetMDOutput();
 241   1              SetBusyFlag();                                  //Sets the Busy Flag so the Bit can be processed
 242   1              while(GetBusyFlag()==1);                //Waits until the Bit gets transmitted
 243   1      
 244   1      }
 245          
 246          void DaliFrameStop()
 247          {
 248   1              ClearBusyFlag();                //Clear Flag that indicates the Manchester Decoder is Busy on the Interrupt
 249   1              SetDaliStopFlag();
 250   1              SetBusyFlag();                  //Sets the Busy Flag so the Bit can be processed
 251   1              while(GetBusyFlag()==1);                //Waits until the Bit gets transmitted
 252   1      
 253   1      }
 254          
 255          void DaliTXStateMachine(uint8_t address, uint8_t Ddata)
 256          {
 257   1              DALI_FRAME States;
 258   1      
 259   1              SetDaliOutputPin();                     //The Line is Normally High
 260   1              States = START;
 261   1      
 262   1              while (States<END)
 263   1              {
 264   2                      switch (States)
 265   2                      {
 266   3                              case START: {
 267   4                                                              DaliFrameStart();
 268   4                                                              States= ADDRESS;
 269   4                                                              break;
 270   4                                                      }
 271   3      
 272   3                              case ADDRESS: {
 273   4                                                              ManchesterEncoder(address);
 274   4                                                              States= DATA;
 275   4                                                              break;
 276   4                                                      }
 277   3      
 278   3                              case DATA: {
 279   4                                                              ManchesterEncoder(Ddata);
 280   4                                                              States= STOP;
 281   4                                                              break;
 282   4                                                      }
 283   3      
 284   3                              case STOP: {
 285   4                                                              DaliFrameStop();
 286   4                                                              States= END;
 287   4                                                              break;
 288   4                                                      }
 289   3      
 290   3                      }
 291   2              }
 292   1      
 293   1      }
 294          /*Dali Stop bit Flag Getters and Setters*/
 295          
 296          void SetDaliStopFlag()
 297          {
 298   1              DaliFlags.flag.Stop =1;
 299   1      }
 300          
 301          void ClearDaliStopFlag()
 302          {
C51 COMPILER V9.53.0.0   DALI                                                              04/18/2016 16:32:02 PAGE 6   

 303   1              DaliFlags.flag.Stop =0;
 304   1      }
 305          
 306          bit GetDaliStopFlag()
 307          {
 308   1       return DaliFlags.flag.Stop;
 309   1      }
 310          
 311          
 312          void SetDaliOutputPin()
 313          {
 314   1              DALI_OUT=1;
 315   1      }
 316          
 317          void ClearDaliOutputPin()
 318          {
 319   1              DALI_OUT=0;
 320   1      }
 321          
 322          bit GetDaliOutputPin()
 323          {
 324   1       return DALI_OUT;
 325   1      }
 326          
 327          
 328          /*********************************************************************************
 329           *********************************************************************************
 330                                                   Dali RX Related Functions
 331           *********************************************************************************
 332           *********************************************************************************/
 333          uint8_t BusQuietCounter;
 334          
 335          bit _1stQ;
 336          bit _2ndQ;
 337          bit _3rdQ;
 338          bit _4thQ;
 339          
 340          static xdata DALI_FRAME State = IDLE;
 341          static xdata DALI_DEMOD bitState = _1qB;
 342          
 343          void DaliRXDecoding()
 344          {
 345   1              switch (State)
 346   1      
 347   1                              {
 348   2      
 349   2                                      case IDLE:                      //In this state, it checks if the RX bus was quite and also if it receives the start bit
 350   2                                                              {
 351   3      
 352   3      
 353   3                                                                      switch (bitState)
 354   3                                                                      {
 355   4                                                                              case _1qB:
 356   4                                                                              {
 357   5                                                                                      if((GetDaliIntputPin()==0)) //This is Triggered by the EXT_INT0 Interrupt
 358   5                                                                                      {
 359   6      
 360   6                                                                                              _1stQ = GetDaliIntputPin();
 361   6                                                                                              ReloadDaliRxTimer(TMH, TML);
 362   6                                                                                              EnableDaliRxTimerInt();
 363   6                                                                                              StartDaliRxTimer();
 364   6                                                                                              bitState = _2qB;
 365   6                                                                                              //SetDaliInputPinPolarity(ACTIVE_HIGH);
C51 COMPILER V9.53.0.0   DALI                                                              04/18/2016 16:32:02 PAGE 7   

 366   6      
 367   6                                                                                      }
 368   5                                                                                      break;
 369   5                                                                              }
 370   4      
 371   4      
 372   4                                                                      }
 373   3      
 374   3      
 375   3      
 376   3      
 377   3      
 378   3                                                                      break;
 379   3                                                              }
 380   2      
 381   2      
 382   2                                      case START:                     //In this state, it checks if the RX bus was quite and also if it receives the start 
             -bit
 383   2                                                      {
 384   3                                                              break;
 385   3                                                      }
 386   2      
 387   2                                      case DATA:
 388   2                                                      {
 389   3      
 390   3                                                      }//End of case DATA:
 391   2      
 392   2                              }//End of Switch State:
 393   1      
 394   1      
 395   1      
 396   1      #if 0
              
                 static xdata uint8_t intcounter = 0;
                 static xdata uint8_t debugcounter = 0;
              
                 //if((GetDaliIntputPin()==0) &&(intcounter==0))
                      if((GetBusQuietCounter()>1)&&(GetDaliIntputPin()==0) &&(intcounter==0))
                      {
              
                              _1stHalf=GetDaliIntputPin();
                              SetDaliInputPinPolarity(ACTIVE_HIGH);
              
                              if(debugcounter++==9)
                              {
                                      NOP();//LED2^=1;
                              }
              
              
                      }
              
                      if ((intcounter++==1))
                      {
                              _2ndHalf=GetDaliIntputPin();
                              SetDaliInputPinPolarity(ACTIVE_LOW);
              
                              if ((_1stHalf==0) && (_2ndHalf==1))// && (GetDaliRxErrorFlag()==0))                     // Start bit received
                                      {
                                              DisableInt1 ();
                                              StopDaliRxTimer();
              
                                              //It will reload a one period worth of time, so it will start sampling on the next bit
                                              ReloadDaliRxTimer(TMH, TML);
C51 COMPILER V9.53.0.0   DALI                                                              04/18/2016 16:32:02 PAGE 8   

                                              EnableDaliRxTimerInt();
                                              StartDaliRxTimer();
                                              State = DATA;
              
                                      }
                              intcounter=0;
                              _1stHalf = _2ndHalf =0;
                      }
              #endif
 437   1      
 438   1      
 439   1      }
 440          
 441          
 442          bit GetDaliIntputPin()
 443          {
 444   1       return DALI_IN;
 445   1      }
 446          
 447          void EnableDaliRxTimerInt()
 448          {
 449   1              IE |= IE_ET1__ENABLED;
 450   1      }
 451          
 452          void DisableDaliRxTimerInt()
 453          {
 454   1              IE &= 0xf7;
 455   1      }
 456          
 457          
 458          void ReloadDaliRxTimer(uint8_t reloadH, uint8_t reloadL)
 459          {
 460   1              TH1 = reloadH;
 461   1              TL1 = reloadL;
 462   1      }
 463          
 464          void StartDaliRxTimer()
 465          {
 466   1      
 467   1              TCON |= TCON_TR1__RUN;          //Enables Timer 1 Run
 468   1      }
 469          
 470          
 471          uint16_t GetDaliRxTimer()
 472          {
 473   1              return TH1|TL1;
 474   1      }
 475          
 476          
 477          void StopDaliRxTimer()
 478          {
 479   1      
 480   1              TH1 = 0;
 481   1              TL1 = 0;
 482   1              TCON |= TCON_TR1__STOP;         //Enables Timer 1 Run
 483   1      }
 484          
 485          void QueryDaliBus()
 486          {
 487   1              static counter=0;
 488   1      
 489   1              if ((GetDaliIntputPin()==1) && (counter++==1))
 490   1              {
C51 COMPILER V9.53.0.0   DALI                                                              04/18/2016 16:32:02 PAGE 9   

 491   2                      counter=0;
 492   2                      if(GetBusQuietCounter()<=254) IncBusQuietCounter();
 493   2              }
 494   1              if (GetDaliIntputPin()==0)
 495   1              {
 496   2                      counter=0;
 497   2                      ClearBusQuietCounter();
 498   2              }
 499   1      }
 500          
 501          
 502          void IncBusQuietCounter()
 503          {
 504   1              BusQuietCounter++;
 505   1      }
 506          
 507          void ClearBusQuietCounter()
 508          {
 509   1              BusQuietCounter=0;
 510   1      }
 511          
 512          uint8_t GetBusQuietCounter()
 513          {
 514   1              return BusQuietCounter;
 515   1      }
 516          
 517          
 518          void SetDaliRxErrorFlag()
 519          {
 520   1              DaliFlags.flag.Error = 1;
 521   1      }
 522          
 523          void ClearDaliRxErrorFlag()
 524          {
 525   1              DaliFlags.flag.Error = 0;
 526   1      }
 527          
 528          bit GetDaliRxErrorFlag()
 529          {
 530   1              return DaliFlags.flag.Error;
 531   1      }
 532          
 533          
 534          void SetDaliInputPinPolarity (INTPOLARITY input)
 535          {
 536   1              if (input==ACTIVE_HIGH) IT01CF |= 0x80;
 537   1              else IT01CF &=0x7f;
 538   1      }
 539          
 540          
 541          void EnableInt1 ()
 542          {
 543   1              IE |= 0x4;
 544   1      }
 545          
 546          void DisableInt1 ()
 547          {
 548   1              IE &= 0xfb;
 549   1      }
 550          


MODULE INFORMATION:   STATIC OVERLAYABLE
C51 COMPILER V9.53.0.0   DALI                                                              04/18/2016 16:32:02 PAGE 10  

   CODE SIZE        =    598    ----
   CONSTANT SIZE    =   ----    ----
   XDATA SIZE       =      2    ----
   PDATA SIZE       =   ----    ----
   DATA SIZE        =      8       2
   IDATA SIZE       =   ----    ----
   BIT SIZE         =      4    ----
   EDATA SIZE       =   ----    ----
   HDATA SIZE       =   ----    ----
   XDATA CONST SIZE =   ----    ----
   FAR CONST SIZE   =   ----    ----
END OF MODULE INFORMATION.


C51 COMPILATION COMPLETE.  0 WARNING(S),  0 ERROR(S)
